// Jest Snapshot v1, https://goo.gl/fbAQLP

exports[`Basic GuideObject 1`] = `
<View
  style={
    Object {
      "alignItems": "stretch",
      "backgroundColor": "white",
      "flex": 1,
      "justifyContent": "flex-end",
    }
  }
>
  <RCTScrollView
    style={
      Object {
        "backgroundColor": "white",
        "bottom": 0,
        "left": 0,
        "position": "absolute",
        "right": 0,
        "top": 0,
      }
    }
  >
    <View>
      <View
        style={
          Object {
            "aspectRatio": 1.7777777777777777,
            "height": "auto",
            "width": "100%",
          }
        }
      >
        <View
          onLayout={[Function]}
          style={
            Array [
              Object {
                "backgroundColor": "transparent",
                "flex": 1,
                "position": "relative",
              },
              undefined,
            ]
          }
        >
          <RCTScrollView
            activeDotColor="#D35098"
            automaticallyAdjustContentInsets={false}
            autoplay={false}
            autoplayDirection={true}
            autoplayTimeout={2.5}
            bounces={false}
            contentContainerStyle={
              Array [
                Object {
                  "backgroundColor": "transparent",
                },
                Object {},
              ]
            }
            contentOffset={
              Object {
                "x": 0,
              }
            }
            disableNextButton={false}
            disablePrevButton={false}
            dotColor="white"
            horizontal={true}
            index={0}
            loadMinimal={false}
            loadMinimalSize={1}
            loop={false}
            onIndexChanged={[Function]}
            onMomentumScrollEnd={[Function]}
            onScrollBeginDrag={[Function]}
            onScrollEndDrag={[Function]}
            pagingEnabled={true}
            removeClippedSubviews={true}
            scrollsToTop={false}
            showsButtons={false}
            showsHorizontalScrollIndicator={false}
            showsPagination={true}
            showsVerticalScrollIndicator={false}
          >
            <View>
              <View
                style={
                  Array [
                    Object {
                      "height": 1334,
                      "width": 750,
                    },
                    Object {
                      "backgroundColor": "transparent",
                    },
                  ]
                }
              >
                <View>
                  <View
                    accessible={true}
                    focusable={true}
                    onClick={[Function]}
                    onResponderGrant={[Function]}
                    onResponderMove={[Function]}
                    onResponderRelease={[Function]}
                    onResponderTerminate={[Function]}
                    onResponderTerminationRequest={[Function]}
                    onStartShouldSetResponder={[Function]}
                  >
                    <Image
                      resizeMode="cover"
                      source={
                        Object {
                          "uri": "https://api.helsingborg.se/wp-content/uploads/sites/2/2017/06/1920x1080-01_bottenv%C3%A5ning-1024x576.jpg",
                        }
                      }
                      style={
                        Object {
                          "height": "100%",
                          "width": "100%",
                        }
                      }
                    />
                  </View>
                </View>
              </View>
              <View
                style={
                  Array [
                    Object {
                      "height": 1334,
                      "width": 750,
                    },
                    Object {
                      "backgroundColor": "transparent",
                    },
                  ]
                }
              >
                <View>
                  <View
                    accessible={true}
                    focusable={true}
                    onClick={[Function]}
                    onResponderGrant={[Function]}
                    onResponderMove={[Function]}
                    onResponderRelease={[Function]}
                    onResponderTerminate={[Function]}
                    onResponderTerminationRequest={[Function]}
                    onStartShouldSetResponder={[Function]}
                  >
                    <Image
                      resizeMode="cover"
                      source={
                        Object {
                          "uri": "https://api.helsingborg.se/wp-content/uploads/sites/2/2017/06/1920x1080-02_bottenv%C3%A5ning-1024x576.jpg",
                        }
                      }
                      style={
                        Object {
                          "height": "100%",
                          "width": "100%",
                        }
                      }
                    />
                  </View>
                </View>
              </View>
              <View
                style={
                  Array [
                    Object {
                      "height": 1334,
                      "width": 750,
                    },
                    Object {
                      "backgroundColor": "transparent",
                    },
                  ]
                }
              >
                <View>
                  <View
                    accessible={true}
                    focusable={true}
                    onClick={[Function]}
                    onResponderGrant={[Function]}
                    onResponderMove={[Function]}
                    onResponderRelease={[Function]}
                    onResponderTerminate={[Function]}
                    onResponderTerminationRequest={[Function]}
                    onStartShouldSetResponder={[Function]}
                  >
                    <Image
                      resizeMode="cover"
                      source={
                        Object {
                          "uri": "https://api.helsingborg.se/wp-content/uploads/sites/2/2017/06/1920x1080-03_bottenv%C3%A5ning-1024x576.jpg",
                        }
                      }
                      style={
                        Object {
                          "height": "100%",
                          "width": "100%",
                        }
                      }
                    />
                  </View>
                </View>
              </View>
            </View>
          </RCTScrollView>
          <View
            pointerEvents="none"
            style={
              Array [
                Object {
                  "alignItems": "center",
                  "backgroundColor": "transparent",
                  "bottom": 25,
                  "flex": 1,
                  "flexDirection": "row",
                  "justifyContent": "center",
                  "left": 0,
                  "position": "absolute",
                  "right": 0,
                },
                undefined,
              ]
            }
          >
            <View
              style={
                Array [
                  Object {
                    "backgroundColor": "#D35098",
                    "borderRadius": 4,
                    "height": 8,
                    "marginBottom": 3,
                    "marginLeft": 3,
                    "marginRight": 3,
                    "marginTop": 3,
                    "width": 8,
                  },
                  undefined,
                ]
              }
            />
            <View
              style={
                Array [
                  Object {
                    "backgroundColor": "white",
                    "borderRadius": 4,
                    "height": 8,
                    "marginBottom": 3,
                    "marginLeft": 3,
                    "marginRight": 3,
                    "marginTop": 3,
                    "width": 8,
                  },
                  undefined,
                ]
              }
            />
            <View
              style={
                Array [
                  Object {
                    "backgroundColor": "white",
                    "borderRadius": 4,
                    "height": 8,
                    "marginBottom": 3,
                    "marginLeft": 3,
                    "marginRight": 3,
                    "marginTop": 3,
                    "width": 8,
                  },
                  undefined,
                ]
              }
            />
          </View>
        </View>
        <View
          style={
            Object {
              "bottom": 25,
              "position": "absolute",
              "right": 25,
              "zIndex": 50,
            }
          }
        />
      </View>
      <View
        style={
          Object {
            "alignItems": "stretch",
            "backgroundColor": "white",
          }
        }
      >
        <View>
          <View
            style={
              Object {
                "flex": 1,
                "paddingBottom": 4,
                "paddingHorizontal": 34,
                "paddingTop": 12,
              }
            }
          >
            <Text
              style={
                Object {
                  "fontFamily": "Roboto",
                  "fontSize": 24,
                  "fontWeight": "300",
                  "lineHeight": 30,
                }
              }
            >
              Vaktv√•ningen
            </Text>
          </View>
          <View
            style={
              Object {
                "flex": 1,
                "paddingBottom": 4,
                "paddingHorizontal": 34,
              }
            }
          >
            <Text
              style={
                Object {
                  "color": "#7f7f7f",
                  "fontFamily": "Roboto",
                  "fontSize": 16,
                  "fontWeight": "400",
                  "lineHeight": 21,
                }
              }
            >
              ID #001
            </Text>
          </View>
        </View>
        <View
          style={
            Object {
              "alignItems": "center",
              "backgroundColor": "white",
              "flexDirection": "row",
              "justifyContent": "space-between",
              "minHeight": 60,
            }
          }
        >
          <View
            accessible={true}
            focusable={true}
            isTVSelectable={true}
            onClick={[Function]}
            onResponderGrant={[Function]}
            onResponderMove={[Function]}
            onResponderRelease={[Function]}
            onResponderTerminate={[Function]}
            onResponderTerminationRequest={[Function]}
            onStartShouldSetResponder={[Function]}
            style={
              Object {
                "alignItems": "center",
                "backgroundColor": "#f2f2f2",
                "borderBottomWidth": 2,
                "borderColor": "#D6D6D6",
                "borderLeftWidth": 1,
                "borderRightWidth": 1,
                "borderTopWidth": 2,
                "flex": 1,
                "flexDirection": "row",
                "justifyContent": "center",
                "minHeight": 46,
                "opacity": 1,
              }
            }
          >
            <View
              style={
                Object {
                  "alignItems": "center",
                  "flexDirection": "row",
                  "justifyContent": "center",
                  "maxWidth": 120,
                }
              }
            >
              <View
                style={
                  Object {
                    "alignItems": "center",
                    "flex": 0,
                  }
                }
              >
                <Text
                  allowFontScaling={false}
                  style={
                    Array [
                      Object {
                        "color": "#7B075E",
                        "fontSize": 18,
                      },
                      Array [
                        Object {},
                        Object {
                          "color": "#cecece",
                        },
                      ],
                      Object {
                        "fontFamily": "Material Design Icons",
                        "fontStyle": "normal",
                        "fontWeight": "normal",
                      },
                      Object {},
                    ]
                  }
                >
                  Ôãã
                </Text>
              </View>
              <View
                style={
                  Object {
                    "alignItems": "center",
                    "flex": 0,
                    "paddingLeft": 8,
                  }
                }
              >
                <Text
                  style={
                    Array [
                      Object {
                        "color": "#711A5B",
                        "fontSize": 16,
                        "fontWeight": "500",
                        "lineHeight": 22,
                      },
                      Object {
                        "color": "#cecece",
                      },
                    ]
                  }
                >
                  Play sound
                </Text>
              </View>
            </View>
          </View>
        </View>
        <View
          style={
            Object {
              "flex": 4,
              "paddingHorizontal": 34,
              "paddingVertical": 10,
            }
          }
        >
          <Text
            style={
              Object {
                "fontSize": 14,
                "lineHeight": 20,
              }
            }
          >
            V√§lkommen in! Trappan upp till vaktv√•ningen s√§ger n√•got om sv√•righeten att inta borgen.
          </Text>
          <View
            accessible={true}
            focusable={true}
            isTVSelectable={true}
            onClick={[Function]}
            onResponderGrant={[Function]}
            onResponderMove={[Function]}
            onResponderRelease={[Function]}
            onResponderTerminate={[Function]}
            onResponderTerminationRequest={[Function]}
            onStartShouldSetResponder={[Function]}
            style={
              Object {
                "alignItems": "center",
                "flexDirection": "row",
                "opacity": 1,
              }
            }
          >
            <Text
              allowFontScaling={false}
              style={
                Array [
                  Object {
                    "color": "#711A5B",
                    "fontSize": 24,
                  },
                  undefined,
                  Object {
                    "fontFamily": "Material Icons",
                    "fontStyle": "normal",
                    "fontWeight": "normal",
                  },
                  Object {},
                ]
              }
            >
              Ó¢î
            </Text>
            <Text
              style={
                Object {
                  "color": "#711A5B",
                  "fontFamily": "Roboto",
                  "fontSize": 16,
                  "fontWeight": "500",
                  "lineHeight": 23,
                  "marginLeft": 7,
                  "marginRight": 13,
                }
              }
            >
              test
            </Text>
          </View>
        </View>
      </View>
    </View>
  </RCTScrollView>
  <Text>
    Audio Player
  </Text>
</View>
`;
