// Jest Snapshot v1, https://goo.gl/fbAQLP

exports[`Correct input 1`] = `
<Text
  numberOfLines={1}
  style={
    Object {
      "color": "#7f7f7f",
      "fontFamily": "Roboto",
      "fontSize": 16,
      "lineHeight": 22,
    }
  }
>
  2018-05-14 - 2018-08-31
</Text>
`;

exports[`Invalid input 1`] = `null`;

exports[`No props 1`] = `null`;

exports[`Only end date 1`] = `null`;

exports[`Only start date 1`] = `null`;
